// Jest Snapshot v1, https://goo.gl/fbAQLP

exports[`Function GRO | Input:2water.gro | Atoms should match the snapshot 1`] = `
[
  [
    {
      "atom": "OW1",
      "bondOrder": [
        1,
        1,
      ],
      "bonds": [
        1,
        2,
      ],
      "dx": 1.227,
      "dy": -0.5800000000000001,
      "dz": 0.434,
      "elem": "O",
      "index": 0,
      "properties": {},
      "resi": 1,
      "resn": "WATER",
      "serial": 0,
      "x": 1.26,
      "y": 16.240000000000002,
      "z": 16.79,
    },
    {
      "atom": "HW2",
      "bondOrder": [
        1,
      ],
      "bonds": [
        0,
      ],
      "dx": 8.085,
      "dy": 3.191,
      "dz": -7.791,
      "elem": "H",
      "index": 1,
      "properties": {},
      "resi": 1,
      "resn": "WATER",
      "serial": 1,
      "x": 1.9,
      "y": 16.61,
      "z": 17.470000000000002,
    },
    {
      "atom": "HW3",
      "bondOrder": [
        1,
      ],
      "bonds": [
        0,
      ],
      "dx": -9.045,
      "dy": -26.469,
      "dz": 13.18,
      "elem": "H",
      "index": 2,
      "properties": {},
      "resi": 1,
      "resn": "WATER",
      "serial": 2,
      "x": 1.77,
      "y": 15.68,
      "z": 16.13,
    },
    {
      "atom": "OW1",
      "bondOrder": [
        1,
        1,
      ],
      "bonds": [
        4,
        5,
      ],
      "dx": 2.519,
      "dy": 3.14,
      "dz": -1.734,
      "elem": "O",
      "index": 3,
      "properties": {},
      "resi": 2,
      "resn": "WATER",
      "serial": 3,
      "x": 12.75,
      "y": 0.53,
      "z": 6.22,
    },
    {
      "atom": "HW2",
      "bondOrder": [
        1,
      ],
      "bonds": [
        3,
      ],
      "dx": -10.641,
      "dy": -11.349,
      "dz": 0.257,
      "elem": "H",
      "index": 4,
      "properties": {},
      "resi": 2,
      "resn": "WATER",
      "serial": 4,
      "x": 13.37,
      "y": 0.02,
      "z": 6.800000000000001,
    },
    {
      "atom": "HW3",
      "bondOrder": [
        1,
      ],
      "bonds": [
        3,
      ],
      "dx": 19.427,
      "dy": -8.216,
      "dz": -0.24400000000000002,
      "elem": "H",
      "index": 5,
      "properties": {},
      "resi": 2,
      "resn": "WATER",
      "serial": 5,
      "x": 13.260000000000002,
      "y": 1.2,
      "z": 5.68,
    },
  ],
]
`;
