// Jest Snapshot v1, https://goo.gl/fbAQLP

exports[`Function MOL2 | Input: multiple.mol2 | Atoms should match the snapshot 1`] = `
Array [
  Array [
    Object {
      "atom": "C.3",
      "bondOrder": Array [
        1,
        1,
        1,
      ],
      "bonds": Array [
        28,
        1,
        5,
      ],
      "elem": "C",
      "index": 0,
      "properties": Object {
        "charge": 0.2586,
        "partialCharge": 0.2586,
      },
      "serial": 1,
      "x": 5.9063,
      "y": 24.9584,
      "z": 25.9808,
    },
    Object {
      "atom": "C.3",
      "bondOrder": Array [
        1,
        1,
        1,
      ],
      "bonds": Array [
        0,
        6,
        2,
      ],
      "elem": "C",
      "index": 1,
      "properties": Object {
        "charge": 0.1841,
        "partialCharge": 0.1841,
      },
      "serial": 2,
      "x": 4.7041,
      "y": 24.1561,
      "z": 26.7625,
    },
    Object {
      "atom": "C.3",
      "bondOrder": Array [
        1,
        1,
        1,
      ],
      "bonds": Array [
        1,
        10,
        3,
      ],
      "elem": "C",
      "index": 2,
      "properties": Object {
        "charge": 0.2062,
        "partialCharge": 0.2062,
      },
      "serial": 3,
      "x": 4.3137,
      "y": 24.9723,
      "z": 28.0348,
    },
    Object {
      "atom": "C.3",
      "bondOrder": Array [
        1,
        1,
        1,
      ],
      "bonds": Array [
        2,
        13,
        4,
      ],
      "elem": "C",
      "index": 3,
      "properties": Object {
        "charge": 0.1795,
        "partialCharge": 0.1795,
      },
      "serial": 4,
      "x": 5.6843,
      "y": 25.1844,
      "z": 28.7746,
    },
    Object {
      "atom": "C.3",
      "bondOrder": Array [
        1,
        1,
        1,
      ],
      "bonds": Array [
        3,
        5,
        11,
      ],
      "elem": "C",
      "index": 4,
      "properties": Object {
        "charge": 0.1803,
        "partialCharge": 0.1803,
      },
      "serial": 5,
      "x": 6.7356,
      "y": 26.0149,
      "z": 27.8889,
    },
    Object {
      "atom": "O.3",
      "bondOrder": Array [
        1,
        1,
      ],
      "bonds": Array [
        0,
        4,
      ],
      "elem": "O",
      "index": 5,
      "properties": Object {
        "charge": -0.3263,
        "partialCharge": -0.3263,
      },
      "serial": 6,
      "x": 7.1258,
      "y": 25.0806,
      "z": 26.8068,
    },
    Object {
      "atom": "N.am",
      "bondOrder": Array [
        1,
        1,
      ],
      "bonds": Array [
        1,
        7,
      ],
      "elem": "N",
      "index": 6,
      "properties": Object {
        "charge": -0.1992,
        "partialCharge": -0.1992,
      },
      "serial": 7,
      "x": 3.5113,
      "y": 23.9905,
      "z": 25.9254,
    },
    Object {
      "atom": "C.2",
      "bondOrder": Array [
        1,
        2,
        1,
      ],
      "bonds": Array [
        6,
        8,
        9,
      ],
      "elem": "C",
      "index": 7,
      "properties": Object {
        "charge": 0.242,
        "partialCharge": 0.242,
      },
      "serial": 8,
      "x": 3.1108,
      "y": 22.8071,
      "z": 25.3967,
    },
    Object {
      "atom": "O.2",
      "bondOrder": Array [
        2,
      ],
      "bonds": Array [
        7,
      ],
      "elem": "O",
      "index": 8,
      "properties": Object {
        "charge": -0.2733,
        "partialCharge": -0.2733,
      },
      "serial": 9,
      "x": 3.7384,
      "y": 21.8496,
      "z": 25.5073,
    },
    Object {
      "atom": "C.3",
      "bondOrder": Array [
        1,
      ],
      "bonds": Array [
        7,
      ],
      "elem": "C",
      "index": 9,
      "properties": Object {
        "charge": 0.0964,
        "partialCharge": 0.0964,
      },
      "serial": 10,
      "x": 1.8037,
      "y": 22.8588,
      "z": 24.6767,
    },
    Object {
      "atom": "O.3",
      "bondOrder": Array [
        1,
      ],
      "bonds": Array [
        2,
      ],
      "elem": "O",
      "index": 10,
      "properties": Object {
        "charge": -0.2184,
        "partialCharge": -0.2184,
      },
      "serial": 11,
      "x": 3.3693,
      "y": 24.2052,
      "z": 28.8011,
    },
    Object {
      "atom": "C.3",
      "bondOrder": Array [
        1,
        1,
      ],
      "bonds": Array [
        4,
        12,
      ],
      "elem": "C",
      "index": 11,
      "properties": Object {
        "charge": 0.2141,
        "partialCharge": 0.2141,
      },
      "serial": 12,
      "x": 7.9504,
      "y": 26.3491,
      "z": 28.7097,
    },
    Object {
      "atom": "O.3",
      "bondOrder": Array [
        1,
      ],
      "bonds": Array [
        11,
      ],
      "elem": "O",
      "index": 12,
      "properties": Object {
        "charge": -0.2176,
        "partialCharge": -0.2176,
      },
      "serial": 13,
      "x": 8.2497,
      "y": 25.1328,
      "z": 29.5559,
    },
    Object {
      "atom": "O.3",
      "bondOrder": Array [
        1,
        1,
      ],
      "bonds": Array [
        3,
        14,
      ],
      "elem": "O",
      "index": 13,
      "properties": Object {
        "charge": -0.3264,
        "partialCharge": -0.3264,
      },
      "serial": 14,
      "x": 5.5738,
      "y": 25.9109,
      "z": 30.0347,
    },
    Object {
      "atom": "C.3",
      "bondOrder": Array [
        1,
        1,
        1,
      ],
      "bonds": Array [
        13,
        15,
        19,
      ],
      "elem": "C",
      "index": 14,
      "properties": Object {
        "charge": 0.2586,
        "partialCharge": 0.2586,
      },
      "serial": 15,
      "x": 4.5765,
      "y": 26.6958,
      "z": 30.7444,
    },
    Object {
      "atom": "C.3",
      "bondOrder": Array [
        1,
        1,
        1,
      ],
      "bonds": Array [
        14,
        20,
        16,
      ],
      "elem": "C",
      "index": 15,
      "properties": Object {
        "charge": 0.1842,
        "partialCharge": 0.1842,
      },
      "serial": 16,
      "x": 3.837,
      "y": 27.7677,
      "z": 29.9491,
    },
    Object {
      "atom": "C.3",
      "bondOrder": Array [
        1,
        1,
        1,
      ],
      "bonds": Array [
        15,
        25,
        17,
      ],
      "elem": "C",
      "index": 16,
      "properties": Object {
        "charge": 0.2094,
        "partialCharge": 0.2094,
      },
      "serial": 17,
      "x": 3.0139,
      "y": 28.6064,
      "z": 30.8744,
    },
    Object {
      "atom": "C.3",
      "bondOrder": Array [
        1,
        1,
        1,
      ],
      "bonds": Array [
        16,
        24,
        18,
      ],
      "elem": "C",
      "index": 17,
      "properties": Object {
        "charge": 0.2136,
        "partialCharge": 0.2136,
      },
      "serial": 18,
      "x": 2.2228,
      "y": 27.7337,
      "z": 31.8944,
    },
    Object {
      "atom": "C.3",
      "bondOrder": Array [
        1,
        1,
        1,
      ],
      "bonds": Array [
        17,
        19,
        26,
      ],
      "elem": "C",
      "index": 18,
      "properties": Object {
        "charge": 0.1834,
        "partialCharge": 0.1834,
      },
      "serial": 19,
      "x": 3.0305,
      "y": 26.5789,
      "z": 32.5223,
    },
    Object {
      "atom": "O.3",
      "bondOrder": Array [
        1,
        1,
      ],
      "bonds": Array [
        14,
        18,
      ],
      "elem": "O",
      "index": 19,
      "properties": Object {
        "charge": -0.3262,
        "partialCharge": -0.3262,
      },
      "serial": 20,
      "x": 3.6985,
      "y": 25.8368,
      "z": 31.4989,
    },
    Object {
      "atom": "N.am",
      "bondOrder": Array [
        1,
        1,
      ],
      "bonds": Array [
        15,
        21,
      ],
      "elem": "N",
      "index": 20,
      "properties": Object {
        "charge": -0.1992,
        "partialCharge": -0.1992,
      },
      "serial": 21,
      "x": 4.9524,
      "y": 28.5919,
      "z": 29.2913,
    },
    Object {
      "atom": "C.2",
      "bondOrder": Array [
        1,
        2,
        1,
      ],
      "bonds": Array [
        20,
        22,
        23,
      ],
      "elem": "C",
      "index": 21,
      "properties": Object {
        "charge": 0.242,
        "partialCharge": 0.242,
      },
      "serial": 22,
      "x": 4.7764,
      "y": 29.2876,
      "z": 28.1519,
    },
    Object {
      "atom": "O.2",
      "bondOrder": Array [
        2,
      ],
      "bonds": Array [
        21,
      ],
      "elem": "O",
      "index": 22,
      "properties": Object {
        "charge": -0.2733,
        "partialCharge": -0.2733,
      },
      "serial": 23,
      "x": 3.8923,
      "y": 29.0778,
      "z": 27.4442,
    },
    Object {
      "atom": "C.3",
      "bondOrder": Array [
        1,
      ],
      "bonds": Array [
        21,
      ],
      "elem": "C",
      "index": 23,
      "properties": Object {
        "charge": 0.0964,
        "partialCharge": 0.0964,
      },
      "serial": 24,
      "x": 5.7995,
      "y": 30.3429,
      "z": 27.9091,
    },
    Object {
      "atom": "O.3",
      "bondOrder": Array [
        1,
      ],
      "bonds": Array [
        17,
      ],
      "elem": "O",
      "index": 24,
      "properties": Object {
        "charge": -0.2176,
        "partialCharge": -0.2176,
      },
      "serial": 25,
      "x": 1.7768,
      "y": 28.5816,
      "z": 33.0056,
    },
    Object {
      "atom": "O.3",
      "bondOrder": Array [
        1,
      ],
      "bonds": Array [
        16,
      ],
      "elem": "O",
      "index": 25,
      "properties": Object {
        "charge": -0.2183,
        "partialCharge": -0.2183,
      },
      "serial": 26,
      "x": 2.0576,
      "y": 29.3423,
      "z": 30.0865,
    },
    Object {
      "atom": "C.3",
      "bondOrder": Array [
        1,
        1,
      ],
      "bonds": Array [
        18,
        27,
      ],
      "elem": "C",
      "index": 26,
      "properties": Object {
        "charge": 0.2142,
        "partialCharge": 0.2142,
      },
      "serial": 27,
      "x": 2.1195,
      "y": 25.5825,
      "z": 33.2269,
    },
    Object {
      "atom": "O.3",
      "bondOrder": Array [
        1,
      ],
      "bonds": Array [
        26,
      ],
      "elem": "O",
      "index": 27,
      "properties": Object {
        "charge": -0.2176,
        "partialCharge": -0.2176,
      },
      "serial": 28,
      "x": 0.7513,
      "y": 25.6243,
      "z": 32.7198,
    },
    Object {
      "atom": "O.3",
      "bondOrder": Array [
        1,
        1,
      ],
      "bonds": Array [
        0,
        32,
      ],
      "elem": "O",
      "index": 28,
      "properties": Object {
        "charge": -0.3264,
        "partialCharge": -0.3264,
      },
      "serial": 29,
      "x": 6.2641,
      "y": 24.2063,
      "z": 24.7618,
    },
    Object {
      "atom": "C.3",
      "bondOrder": Array [
        1,
        1,
        1,
      ],
      "bonds": Array [
        40,
        30,
        34,
      ],
      "elem": "C",
      "index": 29,
      "properties": Object {
        "charge": 0.2917,
        "partialCharge": 0.2917,
      },
      "serial": 30,
      "x": 8.6273,
      "y": 24.3604,
      "z": 21.3671,
    },
    Object {
      "atom": "C.3",
      "bondOrder": Array [
        1,
        1,
        1,
      ],
      "bonds": Array [
        29,
        35,
        31,
      ],
      "elem": "C",
      "index": 30,
      "properties": Object {
        "charge": 0.187,
        "partialCharge": 0.187,
      },
      "serial": 31,
      "x": 8.9008,
      "y": 25.5399,
      "z": 22.3343,
    },
    Object {
      "atom": "C.3",
      "bondOrder": Array [
        1,
        1,
        1,
      ],
      "bonds": Array [
        30,
        39,
        32,
      ],
      "elem": "C",
      "index": 31,
      "properties": Object {
        "charge": 0.2063,
        "partialCharge": 0.2063,
      },
      "serial": 32,
      "x": 8.2417,
      "y": 25.2652,
      "z": 23.67,
    },
    Object {
      "atom": "C.3",
      "bondOrder": Array [
        1,
        1,
        1,
      ],
      "bonds": Array [
        31,
        28,
        33,
      ],
      "elem": "C",
      "index": 32,
      "properties": Object {
        "charge": 0.1795,
        "partialCharge": 0.1795,
      },
      "serial": 33,
      "x": 6.7494,
      "y": 24.8542,
      "z": 23.415,
    },
    Object {
      "atom": "C.3",
      "bondOrder": Array [
        1,
        1,
        1,
      ],
      "bonds": Array [
        32,
        34,
        41,
      ],
      "elem": "C",
      "index": 33,
      "properties": Object {
        "charge": 0.1803,
        "partialCharge": 0.1803,
      },
      "serial": 34,
      "x": 6.4797,
      "y": 23.8858,
      "z": 22.2544,
    },
    Object {
      "atom": "O.3",
      "bondOrder": Array [
        1,
        1,
      ],
      "bonds": Array [
        29,
        33,
      ],
      "elem": "O",
      "index": 34,
      "properties": Object {
        "charge": -0.3243,
        "partialCharge": -0.3243,
      },
      "serial": 35,
      "x": 7.1783,
      "y": 24.4097,
      "z": 21.065,
    },
    Object {
      "atom": "N.am",
      "bondOrder": Array [
        1,
        1,
      ],
      "bonds": Array [
        30,
        36,
      ],
      "elem": "N",
      "index": 35,
      "properties": Object {
        "charge": -0.1991,
        "partialCharge": -0.1991,
      },
      "serial": 36,
      "x": 10.3585,
      "y": 25.7246,
      "z": 22.4745,
    },
    Object {
      "atom": "C.2",
      "bondOrder": Array [
        1,
        2,
        1,
      ],
      "bonds": Array [
        35,
        37,
        38,
      ],
      "elem": "C",
      "index": 36,
      "properties": Object {
        "charge": 0.242,
        "partialCharge": 0.242,
      },
      "serial": 37,
      "x": 10.9478,
      "y": 26.9262,
      "z": 22.6921,
    },
    Object {
      "atom": "O.2",
      "bondOrder": Array [
        2,
      ],
      "bonds": Array [
        36,
      ],
      "elem": "O",
      "index": 37,
      "properties": Object {
        "charge": -0.2733,
        "partialCharge": -0.2733,
      },
      "serial": 38,
      "x": 10.3285,
      "y": 27.8881,
      "z": 22.7405,
    },
    Object {
      "atom": "C.3",
      "bondOrder": Array [
        1,
      ],
      "bonds": Array [
        36,
      ],
      "elem": "C",
      "index": 38,
      "properties": Object {
        "charge": 0.0964,
        "partialCharge": 0.0964,
      },
      "serial": 39,
      "x": 12.4231,
      "y": 26.8477,
      "z": 22.8571,
    },
    Object {
      "atom": "O.3",
      "bondOrder": Array [
        1,
      ],
      "bonds": Array [
        31,
      ],
      "elem": "O",
      "index": 39,
      "properties": Object {
        "charge": -0.2184,
        "partialCharge": -0.2184,
      },
      "serial": 40,
      "x": 8.2163,
      "y": 26.4191,
      "z": 24.5232,
    },
    Object {
      "atom": "O.3",
      "bondOrder": Array [
        1,
      ],
      "bonds": Array [
        29,
      ],
      "elem": "O",
      "index": 40,
      "properties": Object {
        "charge": -0.1879,
        "partialCharge": -0.1879,
      },
      "serial": 41,
      "x": 9.2627,
      "y": 24.7279,
      "z": 20.1476,
    },
    Object {
      "atom": "C.3",
      "bondOrder": Array [
        1,
        1,
      ],
      "bonds": Array [
        33,
        42,
      ],
      "elem": "C",
      "index": 41,
      "properties": Object {
        "charge": 0.2141,
        "partialCharge": 0.2141,
      },
      "serial": 42,
      "x": 5.0185,
      "y": 23.7807,
      "z": 21.8917,
    },
    Object {
      "atom": "O.3",
      "bondOrder": Array [
        1,
      ],
      "bonds": Array [
        41,
      ],
      "elem": "O",
      "index": 42,
      "properties": Object {
        "charge": -0.2176,
        "partialCharge": -0.2176,
      },
      "serial": 43,
      "x": 4.1265,
      "y": 24.6034,
      "z": 22.78,
    },
  ],
]
`;

exports[`Function MOL2 | Input: multiple.mol2 | options: keepH | Atoms should match the snapshot (keepH: false) 1`] = `
Array [
  Array [
    Object {
      "atom": "C.3",
      "bondOrder": Array [
        1,
        1,
        1,
      ],
      "bonds": Array [
        28,
        1,
        5,
      ],
      "elem": "C",
      "index": 0,
      "properties": Object {
        "charge": 0.2586,
        "partialCharge": 0.2586,
      },
      "serial": 1,
      "x": 5.9063,
      "y": 24.9584,
      "z": 25.9808,
    },
    Object {
      "atom": "C.3",
      "bondOrder": Array [
        1,
        1,
        1,
      ],
      "bonds": Array [
        0,
        6,
        2,
      ],
      "elem": "C",
      "index": 1,
      "properties": Object {
        "charge": 0.1841,
        "partialCharge": 0.1841,
      },
      "serial": 2,
      "x": 4.7041,
      "y": 24.1561,
      "z": 26.7625,
    },
    Object {
      "atom": "C.3",
      "bondOrder": Array [
        1,
        1,
        1,
      ],
      "bonds": Array [
        1,
        10,
        3,
      ],
      "elem": "C",
      "index": 2,
      "properties": Object {
        "charge": 0.2062,
        "partialCharge": 0.2062,
      },
      "serial": 3,
      "x": 4.3137,
      "y": 24.9723,
      "z": 28.0348,
    },
    Object {
      "atom": "C.3",
      "bondOrder": Array [
        1,
        1,
        1,
      ],
      "bonds": Array [
        2,
        13,
        4,
      ],
      "elem": "C",
      "index": 3,
      "properties": Object {
        "charge": 0.1795,
        "partialCharge": 0.1795,
      },
      "serial": 4,
      "x": 5.6843,
      "y": 25.1844,
      "z": 28.7746,
    },
    Object {
      "atom": "C.3",
      "bondOrder": Array [
        1,
        1,
        1,
      ],
      "bonds": Array [
        3,
        5,
        11,
      ],
      "elem": "C",
      "index": 4,
      "properties": Object {
        "charge": 0.1803,
        "partialCharge": 0.1803,
      },
      "serial": 5,
      "x": 6.7356,
      "y": 26.0149,
      "z": 27.8889,
    },
    Object {
      "atom": "O.3",
      "bondOrder": Array [
        1,
        1,
      ],
      "bonds": Array [
        0,
        4,
      ],
      "elem": "O",
      "index": 5,
      "properties": Object {
        "charge": -0.3263,
        "partialCharge": -0.3263,
      },
      "serial": 6,
      "x": 7.1258,
      "y": 25.0806,
      "z": 26.8068,
    },
    Object {
      "atom": "N.am",
      "bondOrder": Array [
        1,
        1,
      ],
      "bonds": Array [
        1,
        7,
      ],
      "elem": "N",
      "index": 6,
      "properties": Object {
        "charge": -0.1992,
        "partialCharge": -0.1992,
      },
      "serial": 7,
      "x": 3.5113,
      "y": 23.9905,
      "z": 25.9254,
    },
    Object {
      "atom": "C.2",
      "bondOrder": Array [
        1,
        2,
        1,
      ],
      "bonds": Array [
        6,
        8,
        9,
      ],
      "elem": "C",
      "index": 7,
      "properties": Object {
        "charge": 0.242,
        "partialCharge": 0.242,
      },
      "serial": 8,
      "x": 3.1108,
      "y": 22.8071,
      "z": 25.3967,
    },
    Object {
      "atom": "O.2",
      "bondOrder": Array [
        2,
      ],
      "bonds": Array [
        7,
      ],
      "elem": "O",
      "index": 8,
      "properties": Object {
        "charge": -0.2733,
        "partialCharge": -0.2733,
      },
      "serial": 9,
      "x": 3.7384,
      "y": 21.8496,
      "z": 25.5073,
    },
    Object {
      "atom": "C.3",
      "bondOrder": Array [
        1,
      ],
      "bonds": Array [
        7,
      ],
      "elem": "C",
      "index": 9,
      "properties": Object {
        "charge": 0.0964,
        "partialCharge": 0.0964,
      },
      "serial": 10,
      "x": 1.8037,
      "y": 22.8588,
      "z": 24.6767,
    },
    Object {
      "atom": "O.3",
      "bondOrder": Array [
        1,
      ],
      "bonds": Array [
        2,
      ],
      "elem": "O",
      "index": 10,
      "properties": Object {
        "charge": -0.2184,
        "partialCharge": -0.2184,
      },
      "serial": 11,
      "x": 3.3693,
      "y": 24.2052,
      "z": 28.8011,
    },
    Object {
      "atom": "C.3",
      "bondOrder": Array [
        1,
        1,
      ],
      "bonds": Array [
        4,
        12,
      ],
      "elem": "C",
      "index": 11,
      "properties": Object {
        "charge": 0.2141,
        "partialCharge": 0.2141,
      },
      "serial": 12,
      "x": 7.9504,
      "y": 26.3491,
      "z": 28.7097,
    },
    Object {
      "atom": "O.3",
      "bondOrder": Array [
        1,
      ],
      "bonds": Array [
        11,
      ],
      "elem": "O",
      "index": 12,
      "properties": Object {
        "charge": -0.2176,
        "partialCharge": -0.2176,
      },
      "serial": 13,
      "x": 8.2497,
      "y": 25.1328,
      "z": 29.5559,
    },
    Object {
      "atom": "O.3",
      "bondOrder": Array [
        1,
        1,
      ],
      "bonds": Array [
        3,
        14,
      ],
      "elem": "O",
      "index": 13,
      "properties": Object {
        "charge": -0.3264,
        "partialCharge": -0.3264,
      },
      "serial": 14,
      "x": 5.5738,
      "y": 25.9109,
      "z": 30.0347,
    },
    Object {
      "atom": "C.3",
      "bondOrder": Array [
        1,
        1,
        1,
      ],
      "bonds": Array [
        13,
        15,
        19,
      ],
      "elem": "C",
      "index": 14,
      "properties": Object {
        "charge": 0.2586,
        "partialCharge": 0.2586,
      },
      "serial": 15,
      "x": 4.5765,
      "y": 26.6958,
      "z": 30.7444,
    },
    Object {
      "atom": "C.3",
      "bondOrder": Array [
        1,
        1,
        1,
      ],
      "bonds": Array [
        14,
        20,
        16,
      ],
      "elem": "C",
      "index": 15,
      "properties": Object {
        "charge": 0.1842,
        "partialCharge": 0.1842,
      },
      "serial": 16,
      "x": 3.837,
      "y": 27.7677,
      "z": 29.9491,
    },
    Object {
      "atom": "C.3",
      "bondOrder": Array [
        1,
        1,
        1,
      ],
      "bonds": Array [
        15,
        25,
        17,
      ],
      "elem": "C",
      "index": 16,
      "properties": Object {
        "charge": 0.2094,
        "partialCharge": 0.2094,
      },
      "serial": 17,
      "x": 3.0139,
      "y": 28.6064,
      "z": 30.8744,
    },
    Object {
      "atom": "C.3",
      "bondOrder": Array [
        1,
        1,
        1,
      ],
      "bonds": Array [
        16,
        24,
        18,
      ],
      "elem": "C",
      "index": 17,
      "properties": Object {
        "charge": 0.2136,
        "partialCharge": 0.2136,
      },
      "serial": 18,
      "x": 2.2228,
      "y": 27.7337,
      "z": 31.8944,
    },
    Object {
      "atom": "C.3",
      "bondOrder": Array [
        1,
        1,
        1,
      ],
      "bonds": Array [
        17,
        19,
        26,
      ],
      "elem": "C",
      "index": 18,
      "properties": Object {
        "charge": 0.1834,
        "partialCharge": 0.1834,
      },
      "serial": 19,
      "x": 3.0305,
      "y": 26.5789,
      "z": 32.5223,
    },
    Object {
      "atom": "O.3",
      "bondOrder": Array [
        1,
        1,
      ],
      "bonds": Array [
        14,
        18,
      ],
      "elem": "O",
      "index": 19,
      "properties": Object {
        "charge": -0.3262,
        "partialCharge": -0.3262,
      },
      "serial": 20,
      "x": 3.6985,
      "y": 25.8368,
      "z": 31.4989,
    },
    Object {
      "atom": "N.am",
      "bondOrder": Array [
        1,
        1,
      ],
      "bonds": Array [
        15,
        21,
      ],
      "elem": "N",
      "index": 20,
      "properties": Object {
        "charge": -0.1992,
        "partialCharge": -0.1992,
      },
      "serial": 21,
      "x": 4.9524,
      "y": 28.5919,
      "z": 29.2913,
    },
    Object {
      "atom": "C.2",
      "bondOrder": Array [
        1,
        2,
        1,
      ],
      "bonds": Array [
        20,
        22,
        23,
      ],
      "elem": "C",
      "index": 21,
      "properties": Object {
        "charge": 0.242,
        "partialCharge": 0.242,
      },
      "serial": 22,
      "x": 4.7764,
      "y": 29.2876,
      "z": 28.1519,
    },
    Object {
      "atom": "O.2",
      "bondOrder": Array [
        2,
      ],
      "bonds": Array [
        21,
      ],
      "elem": "O",
      "index": 22,
      "properties": Object {
        "charge": -0.2733,
        "partialCharge": -0.2733,
      },
      "serial": 23,
      "x": 3.8923,
      "y": 29.0778,
      "z": 27.4442,
    },
    Object {
      "atom": "C.3",
      "bondOrder": Array [
        1,
      ],
      "bonds": Array [
        21,
      ],
      "elem": "C",
      "index": 23,
      "properties": Object {
        "charge": 0.0964,
        "partialCharge": 0.0964,
      },
      "serial": 24,
      "x": 5.7995,
      "y": 30.3429,
      "z": 27.9091,
    },
    Object {
      "atom": "O.3",
      "bondOrder": Array [
        1,
      ],
      "bonds": Array [
        17,
      ],
      "elem": "O",
      "index": 24,
      "properties": Object {
        "charge": -0.2176,
        "partialCharge": -0.2176,
      },
      "serial": 25,
      "x": 1.7768,
      "y": 28.5816,
      "z": 33.0056,
    },
    Object {
      "atom": "O.3",
      "bondOrder": Array [
        1,
      ],
      "bonds": Array [
        16,
      ],
      "elem": "O",
      "index": 25,
      "properties": Object {
        "charge": -0.2183,
        "partialCharge": -0.2183,
      },
      "serial": 26,
      "x": 2.0576,
      "y": 29.3423,
      "z": 30.0865,
    },
    Object {
      "atom": "C.3",
      "bondOrder": Array [
        1,
        1,
      ],
      "bonds": Array [
        18,
        27,
      ],
      "elem": "C",
      "index": 26,
      "properties": Object {
        "charge": 0.2142,
        "partialCharge": 0.2142,
      },
      "serial": 27,
      "x": 2.1195,
      "y": 25.5825,
      "z": 33.2269,
    },
    Object {
      "atom": "O.3",
      "bondOrder": Array [
        1,
      ],
      "bonds": Array [
        26,
      ],
      "elem": "O",
      "index": 27,
      "properties": Object {
        "charge": -0.2176,
        "partialCharge": -0.2176,
      },
      "serial": 28,
      "x": 0.7513,
      "y": 25.6243,
      "z": 32.7198,
    },
    Object {
      "atom": "O.3",
      "bondOrder": Array [
        1,
        1,
      ],
      "bonds": Array [
        0,
        32,
      ],
      "elem": "O",
      "index": 28,
      "properties": Object {
        "charge": -0.3264,
        "partialCharge": -0.3264,
      },
      "serial": 29,
      "x": 6.2641,
      "y": 24.2063,
      "z": 24.7618,
    },
    Object {
      "atom": "C.3",
      "bondOrder": Array [
        1,
        1,
        1,
      ],
      "bonds": Array [
        40,
        30,
        34,
      ],
      "elem": "C",
      "index": 29,
      "properties": Object {
        "charge": 0.2917,
        "partialCharge": 0.2917,
      },
      "serial": 30,
      "x": 8.6273,
      "y": 24.3604,
      "z": 21.3671,
    },
    Object {
      "atom": "C.3",
      "bondOrder": Array [
        1,
        1,
        1,
      ],
      "bonds": Array [
        29,
        35,
        31,
      ],
      "elem": "C",
      "index": 30,
      "properties": Object {
        "charge": 0.187,
        "partialCharge": 0.187,
      },
      "serial": 31,
      "x": 8.9008,
      "y": 25.5399,
      "z": 22.3343,
    },
    Object {
      "atom": "C.3",
      "bondOrder": Array [
        1,
        1,
        1,
      ],
      "bonds": Array [
        30,
        39,
        32,
      ],
      "elem": "C",
      "index": 31,
      "properties": Object {
        "charge": 0.2063,
        "partialCharge": 0.2063,
      },
      "serial": 32,
      "x": 8.2417,
      "y": 25.2652,
      "z": 23.67,
    },
    Object {
      "atom": "C.3",
      "bondOrder": Array [
        1,
        1,
        1,
      ],
      "bonds": Array [
        31,
        28,
        33,
      ],
      "elem": "C",
      "index": 32,
      "properties": Object {
        "charge": 0.1795,
        "partialCharge": 0.1795,
      },
      "serial": 33,
      "x": 6.7494,
      "y": 24.8542,
      "z": 23.415,
    },
    Object {
      "atom": "C.3",
      "bondOrder": Array [
        1,
        1,
        1,
      ],
      "bonds": Array [
        32,
        34,
        41,
      ],
      "elem": "C",
      "index": 33,
      "properties": Object {
        "charge": 0.1803,
        "partialCharge": 0.1803,
      },
      "serial": 34,
      "x": 6.4797,
      "y": 23.8858,
      "z": 22.2544,
    },
    Object {
      "atom": "O.3",
      "bondOrder": Array [
        1,
        1,
      ],
      "bonds": Array [
        29,
        33,
      ],
      "elem": "O",
      "index": 34,
      "properties": Object {
        "charge": -0.3243,
        "partialCharge": -0.3243,
      },
      "serial": 35,
      "x": 7.1783,
      "y": 24.4097,
      "z": 21.065,
    },
    Object {
      "atom": "N.am",
      "bondOrder": Array [
        1,
        1,
      ],
      "bonds": Array [
        30,
        36,
      ],
      "elem": "N",
      "index": 35,
      "properties": Object {
        "charge": -0.1991,
        "partialCharge": -0.1991,
      },
      "serial": 36,
      "x": 10.3585,
      "y": 25.7246,
      "z": 22.4745,
    },
    Object {
      "atom": "C.2",
      "bondOrder": Array [
        1,
        2,
        1,
      ],
      "bonds": Array [
        35,
        37,
        38,
      ],
      "elem": "C",
      "index": 36,
      "properties": Object {
        "charge": 0.242,
        "partialCharge": 0.242,
      },
      "serial": 37,
      "x": 10.9478,
      "y": 26.9262,
      "z": 22.6921,
    },
    Object {
      "atom": "O.2",
      "bondOrder": Array [
        2,
      ],
      "bonds": Array [
        36,
      ],
      "elem": "O",
      "index": 37,
      "properties": Object {
        "charge": -0.2733,
        "partialCharge": -0.2733,
      },
      "serial": 38,
      "x": 10.3285,
      "y": 27.8881,
      "z": 22.7405,
    },
    Object {
      "atom": "C.3",
      "bondOrder": Array [
        1,
      ],
      "bonds": Array [
        36,
      ],
      "elem": "C",
      "index": 38,
      "properties": Object {
        "charge": 0.0964,
        "partialCharge": 0.0964,
      },
      "serial": 39,
      "x": 12.4231,
      "y": 26.8477,
      "z": 22.8571,
    },
    Object {
      "atom": "O.3",
      "bondOrder": Array [
        1,
      ],
      "bonds": Array [
        31,
      ],
      "elem": "O",
      "index": 39,
      "properties": Object {
        "charge": -0.2184,
        "partialCharge": -0.2184,
      },
      "serial": 40,
      "x": 8.2163,
      "y": 26.4191,
      "z": 24.5232,
    },
    Object {
      "atom": "O.3",
      "bondOrder": Array [
        1,
      ],
      "bonds": Array [
        29,
      ],
      "elem": "O",
      "index": 40,
      "properties": Object {
        "charge": -0.1879,
        "partialCharge": -0.1879,
      },
      "serial": 41,
      "x": 9.2627,
      "y": 24.7279,
      "z": 20.1476,
    },
    Object {
      "atom": "C.3",
      "bondOrder": Array [
        1,
        1,
      ],
      "bonds": Array [
        33,
        42,
      ],
      "elem": "C",
      "index": 41,
      "properties": Object {
        "charge": 0.2141,
        "partialCharge": 0.2141,
      },
      "serial": 42,
      "x": 5.0185,
      "y": 23.7807,
      "z": 21.8917,
    },
    Object {
      "atom": "O.3",
      "bondOrder": Array [
        1,
      ],
      "bonds": Array [
        41,
      ],
      "elem": "O",
      "index": 42,
      "properties": Object {
        "charge": -0.2176,
        "partialCharge": -0.2176,
      },
      "serial": 43,
      "x": 4.1265,
      "y": 24.6034,
      "z": 22.78,
    },
  ],
]
`;
